mvn : WARNING: A restricted method in 
java.lang.System has been called
Au caractère Ligne:1 : 1
+ mvn compile -pl jscience-server -DskipTests 
> build_errors.txt 2>&1
+ ~~~~~~~~~~~~~~~~~~~~~~~~~~~~~~~~~~~~~~~~~~~~~
~~~~~~~~~~~~~~~~~~~~~~
    + CategoryInfo          : NotSpecified: (W 
   ARNING: A rest...has been called:String) [  
  ], RemoteException
    + FullyQualifiedErrorId : NativeCommandErr 
   or
 
WARNING: java.lang.System::load has been 
called by 
org.fusesource.jansi.internal.JansiLoader in 
an unnamed module (file:/C:/Program%20Files/Apa
che/Maven/apache-maven-3.9.5/lib/jansi-2.4.0.ja
r)
WARNING: Use 
--enable-native-access=ALL-UNNAMED to avoid a 
warning for callers in this module
WARNING: Restricted methods will be blocked in 
a future release unless native access is 
enabled

WARNING: A terminally deprecated method in 
sun.misc.Unsafe has been called
WARNING: sun.misc.Unsafe::objectFieldOffset 
has been called by com.google.common.util.concu
rrent.AbstractFuture$UnsafeAtomicHelper (file:/
C:/Program%20Files/Apache/Maven/apache-maven-3.
9.5/lib/guava-32.0.1-jre.jar)
WARNING: Please consider reporting this to the 
maintainers of class com.google.common.util.con
current.AbstractFuture$UnsafeAtomicHelper
WARNING: sun.misc.Unsafe::objectFieldOffset 
will be removed in a future release
[INFO] Scanning for projects...
[INFO] ------------------------------------------------------------------------
[INFO] Detecting the operating system and CPU architecture
[INFO] ------------------------------------------------------------------------
[INFO] os.detected.name: windows
[INFO] os.detected.arch: x86_64
[INFO] os.detected.bitness: 64
[INFO] os.detected.version: 10.0
[INFO] os.detected.version.major: 10
[INFO] os.detected.version.minor: 0
[INFO] os.detected.classifier: windows-x86_64
[INFO] 
[INFO] --------------------< org.jscience:jscience-server >--------------------
[INFO] Building JScience Server 1.0.0-SNAPSHOT
[INFO]   from pom.xml
[INFO] --------------------------------[ jar ]---------------------------------
[INFO] 
[INFO] --- os:1.7.1:detect (default) @ jscience-server ---
[INFO] ------------------------------------------------------------------------
[INFO] Detecting the operating system and CPU architecture
[INFO] ------------------------------------------------------------------------
[INFO] os.detected.name: windows
[INFO] os.detected.arch: x86_64
[INFO] os.detected.bitness: 64
[INFO] os.detected.version: 10.0
[INFO] os.detected.version.major: 10
[INFO] os.detected.version.minor: 0
[INFO] os.detected.classifier: windows-x86_64
[INFO] 
[INFO] --- protobuf:0.6.1:compile (default) @ jscience-server ---
[INFO] Compiling 6 proto file(s) to C:\Silvere\Encours\Developpement\JScience\jscience-server\target\generated-sources\protobuf\java
[INFO] 
[INFO] --- protobuf:0.6.1:compile-custom (default) @ jscience-server ---
[INFO] Compiling 6 proto file(s) to C:\Silvere\Encours\Developpement\JScience\jscience-server\target\generated-sources\protobuf\grpc-java
[INFO] 
[INFO] --- resources:3.3.1:resources (default-resources) @ jscience-server ---
[INFO] Copying 6 resources from src\main\resources to target\classes
[INFO] Copying 6 resources from src\main\proto to target\classes
[INFO] Copying 6 resources from src\main\proto to target\classes
[INFO] 
[INFO] --- compiler:3.11.0:compile (default-compile) @ jscience-server ---
[INFO] Changes detected - recompiling the module! :source
[INFO] Compiling 202 source files with javac [debug release 25] to target\classes
[INFO] -------------------------------------------------------------
[ERROR] COMPILATION ERROR : 
[INFO] -------------------------------------------------------------
[ERROR] /C:/Silvere/Encours/Developpement/JScience/jscience-server/src/main/java/org/jscience/server/physics/classical/mechanics/providers/DistributedNBodyProvider.java:[22,1] ServiceProviders must implement their service provider interface. org.jscience.server.physics.classical.mechanics.providers.DistributedNBodyProvider does not implement org.jscience.core.technical.algorithm.AlgorithmProvider
[ERROR] /C:/Silvere/Encours/Developpement/JScience/jscience-server/src/main/java/org/jscience/server/physics/classical/mechanics/providers/DistributedNBodyProvider.java:[22,1] ServiceProviders must implement their service provider interface. org.jscience.server.physics.classical.mechanics.providers.DistributedNBodyProvider does not implement org.jscience.core.technical.algorithm.AlgorithmProvider
[ERROR] /C:/Silvere/Encours/Developpement/JScience/jscience-server/src/main/java/org/jscience/server/server/physics/fluid/LatticeBoltzmann.java:[63,65] cannot find symbol
  symbol:   class LatticeBoltzmannProvider
  location: package org.jscience.natural.physics.classical.matter.fluids
[ERROR] /C:/Silvere/Encours/Developpement/JScience/jscience-server/src/main/java/org/jscience/server/server/physics/fluid/LatticeBoltzmann.java:[80,81] cannot find symbol
  symbol:   class LatticeBoltzmannProvider
  location: package org.jscience.natural.physics.classical.matter.fluids
[ERROR] /C:/Silvere/Encours/Developpement/JScience/jscience-server/src/main/java/org/jscience/server/server/physics/fluid/FluidSimTask.java:[29,60] cannot find symbol
  symbol:   class LatticeBoltzmannProvider
  location: package org.jscience.natural.physics.classical.matter.fluids
[ERROR] /C:/Silvere/Encours/Developpement/JScience/jscience-server/src/main/java/org/jscience/server/server/physics/fluid/FluidSimTask.java:[30,70] package org.jscience.natural.physics.classical.matter.fluids.providers does not exist
[ERROR] /C:/Silvere/Encours/Developpement/JScience/jscience-server/src/main/java/org/jscience/server/server/physics/fluid/FluidSimTask.java:[44,23] cannot find symbol
  symbol:   class LatticeBoltzmannProvider
  location: class org.jscience.server.server.physics.fluid.FluidSimTask
[ERROR] /C:/Silvere/Encours/Developpement/JScience/jscience-server/src/main/java/org/jscience/server/server/physics/wave/WaveSimTask.java:[28,52] cannot find symbol
  symbol:   class WaveProvider
  location: package org.jscience.natural.physics.classical.waves
[ERROR] /C:/Silvere/Encours/Developpement/JScience/jscience-server/src/main/java/org/jscience/server/server/physics/nbody/NBodyTask.java:[33,62] package org.jscience.natural.physics.classical.mechanics.nbody does not exist
[ERROR] /C:/Silvere/Encours/Developpement/JScience/jscience-server/src/main/java/org/jscience/server/server/physics/nbody/NBodyTask.java:[34,72] package org.jscience.natural.physics.classical.mechanics.nbody.providers does not exist
[ERROR] /C:/Silvere/Encours/Developpement/JScience/jscience-server/src/main/java/org/jscience/server/physics/classical/mechanics/providers/DistributedNBodyProvider.java:[3,62] package org.jscience.natural.physics.classical.mechanics.nbody does not exist
[ERROR] /C:/Silvere/Encours/Developpement/JScience/jscience-server/src/main/java/org/jscience/server/physics/classical/mechanics/providers/DistributedNBodyProvider.java:[23,50] cannot find symbol
  symbol: class NBodyProvider
[INFO] 12 errors 
[INFO] -------------------------------------------------------------
[INFO] ------------------------------------------------------------------------
[INFO] BUILD FAILURE
[INFO] ------------------------------------------------------------------------
[INFO] Total time:  33.809 s
[INFO] Finished at: 2026-02-21T01:48:34+01:00
[INFO] ------------------------------------------------------------------------
[ERROR] Failed to execute goal org.apache.maven.plugins:maven-compiler-plugin:3.11.0:compile (default-compile) on project jscience-server: Compilation failure: Compilation failure: 
[ERROR] /C:/Silvere/Encours/Developpement/JScience/jscience-server/src/main/java/org/jscience/server/physics/classical/mechanics/providers/DistributedNBodyProvider.java:[22,1] ServiceProviders must implement their service provider interface. org.jscience.server.physics.classical.mechanics.providers.DistributedNBodyProvider does not implement org.jscience.core.technical.algorithm.AlgorithmProvider
[ERROR] /C:/Silvere/Encours/Developpement/JScience/jscience-server/src/main/java/org/jscience/server/physics/classical/mechanics/providers/DistributedNBodyProvider.java:[22,1] ServiceProviders must implement their service provider interface. org.jscience.server.physics.classical.mechanics.providers.DistributedNBodyProvider does not implement org.jscience.core.technical.algorithm.AlgorithmProvider
[ERROR] /C:/Silvere/Encours/Developpement/JScience/jscience-server/src/main/java/org/jscience/server/server/physics/fluid/LatticeBoltzmann.java:[63,65] cannot find symbol
[ERROR]   symbol:   class LatticeBoltzmannProvider
[ERROR]   location: package org.jscience.natural.physics.classical.matter.fluids
[ERROR] /C:/Silvere/Encours/Developpement/JScience/jscience-server/src/main/java/org/jscience/server/server/physics/fluid/LatticeBoltzmann.java:[80,81] cannot find symbol
[ERROR]   symbol:   class LatticeBoltzmannProvider
[ERROR]   location: package org.jscience.natural.physics.classical.matter.fluids
[ERROR] /C:/Silvere/Encours/Developpement/JScience/jscience-server/src/main/java/org/jscience/server/server/physics/fluid/FluidSimTask.java:[29,60] cannot find symbol
[ERROR]   symbol:   class LatticeBoltzmannProvider
[ERROR]   location: package org.jscience.natural.physics.classical.matter.fluids
[ERROR] /C:/Silvere/Encours/Developpement/JScience/jscience-server/src/main/java/org/jscience/server/server/physics/fluid/FluidSimTask.java:[30,70] package org.jscience.natural.physics.classical.matter.fluids.providers does not exist
[ERROR] /C:/Silvere/Encours/Developpement/JScience/jscience-server/src/main/java/org/jscience/server/server/physics/fluid/FluidSimTask.java:[44,23] cannot find symbol
[ERROR]   symbol:   class LatticeBoltzmannProvider
[ERROR]   location: class org.jscience.server.server.physics.fluid.FluidSimTask
[ERROR] /C:/Silvere/Encours/Developpement/JScience/jscience-server/src/main/java/org/jscience/server/server/physics/wave/WaveSimTask.java:[28,52] cannot find symbol
[ERROR]   symbol:   class WaveProvider
[ERROR]   location: package org.jscience.natural.physics.classical.waves
[ERROR] /C:/Silvere/Encours/Developpement/JScience/jscience-server/src/main/java/org/jscience/server/server/physics/nbody/NBodyTask.java:[33,62] package org.jscience.natural.physics.classical.mechanics.nbody does not exist
[ERROR] /C:/Silvere/Encours/Developpement/JScience/jscience-server/src/main/java/org/jscience/server/server/physics/nbody/NBodyTask.java:[34,72] package org.jscience.natural.physics.classical.mechanics.nbody.providers does not exist
[ERROR] /C:/Silvere/Encours/Developpement/JScience/jscience-server/src/main/java/org/jscience/server/physics/classical/mechanics/providers/DistributedNBodyProvider.java:[3,62] package org.jscience.natural.physics.classical.mechanics.nbody does not exist
[ERROR] /C:/Silvere/Encours/Developpement/JScience/jscience-server/src/main/java/org/jscience/server/physics/classical/mechanics/providers/DistributedNBodyProvider.java:[23,50] cannot find symbol
[ERROR]   symbol: class NBodyProvider
[ERROR] -> [Help 1]
[ERROR] 
[ERROR] To see the full stack trace of the errors, re-run Maven with the -e switch.
[ERROR] Re-run Maven using the -X switch to enable full debug logging.
[ERROR] 
[ERROR] For more information about the errors and possible solutions, please read the following articles:
[ERROR] [Help 1] http://cwiki.apache.org/confluence/display/MAVEN/MojoFailureException
