mvn : WARNING: A restricted method in java.lang.System has been called
Au caractère Ligne:1 : 1
+ mvn compile -pl jscience-client 2>&1 > compile_output.txt; 
Get-Conten ...
+ ~~~~~~~~~~~~~~~~~~~~~~~~~~~~~~~~~~~~~~~~~~~~~~~~~~~~~~~~~
    + CategoryInfo          : NotSpecified: (WARNING: A rest...has be 
   en called:String) [], RemoteException
    + FullyQualifiedErrorId : NativeCommandError
 
WARNING: java.lang.System::load has been called by 
org.fusesource.jansi.internal.JansiLoader in an unnamed module (file:/
C:/Program%20Files/Apache/Maven/apache-maven-3.9.5/lib/jansi-2.4.0.jar
)
WARNING: Use --enable-native-access=ALL-UNNAMED to avoid a warning 
for callers in this module
WARNING: Restricted methods will be blocked in a future release 
unless native access is enabled

WARNING: A terminally deprecated method in sun.misc.Unsafe has been 
called
WARNING: sun.misc.Unsafe::objectFieldOffset has been called by 
com.google.common.util.concurrent.AbstractFuture$UnsafeAtomicHelper (f
ile:/C:/Program%20Files/Apache/Maven/apache-maven-3.9.5/lib/guava-32.0
.1-jre.jar)
WARNING: Please consider reporting this to the maintainers of class 
com.google.common.util.concurrent.AbstractFuture$UnsafeAtomicHelper
WARNING: sun.misc.Unsafe::objectFieldOffset will be removed in a 
future release
[INFO] Scanning for projects...
[WARNING] 
[WARNING] Some problems were encountered while building the effective model for org.jscience:jscience-natural:jar:1.0.0-SNAPSHOT
[WARNING] 'dependencies.dependency.systemPath' for com.github.studygameengines:java-fbx-loader:jar should not point at files within the project directory, ${project.basedir}/../launchers/lib/java-fbx-loader-v1.0.jar will be unresolvable by dependent projects @ line 90, column 25
[WARNING] 
[WARNING] It is highly recommended to fix these problems because they threaten the stability of your build.
[WARNING] 
[WARNING] For this reason, future Maven versions might no longer support building such malformed projects.
[WARNING] 
[ERROR] [ERROR] Could not find the selected project in the reactor: jscience-client @ 
[ERROR] Could not find the selected project in the reactor: jscience-client -> [Help 1]
[ERROR] 
[ERROR] To see the full stack trace of the errors, re-run Maven with the -e switch.
[ERROR] Re-run Maven using the -X switch to enable full debug logging.
[ERROR] 
[ERROR] For more information about the errors and possible solutions, please read the following articles:
[ERROR] [Help 1] http://cwiki.apache.org/confluence/display/MAVEN/MavenExecutionException
