[ERROR] COMPILATION ERROR : 
[ERROR] /C:/Silvere/Encours/Developpement/JScience/jscience-native/src/main/java/org/jscience/nativ/physics/classical/mechanics/backends/NativeBulletBackend.java:[36,8] org.jscience.nativ.physics.classical.mechanics.backends.NativeBulletBackend is not abstract and does not override abstract method resolveCollisions(java.nio.DoubleBuffer,java.nio.DoubleBuffer,java.nio.DoubleBuffer,int,java.nio.IntBuffer,int) in org.jscience.natural.physics.classical.mechanics.CollisionProvider
[ERROR] /C:/Silvere/Encours/Developpement/JScience/jscience-native/src/main/java/org/jscience/nativ/physics/classical/mechanics/backends/NativeBulletBackend.java:[170,5] method does not override or implement a method from a supertype
[ERROR] /C:/Silvere/Encours/Developpement/JScience/jscience-native/src/main/java/org/jscience/nativ/physics/classical/mechanics/backends/NativeBulletBackend.java:[180,5] method does not override or implement a method from a supertype
[ERROR] /C:/Silvere/Encours/Developpement/JScience/jscience-native/src/main/java/org/jscience/nativ/physics/classical/mechanics/backends/NativeODEBackend.java:[33,8] org.jscience.nativ.physics.classical.mechanics.backends.NativeODEBackend is not abstract and does not override abstract method resolveCollisions(java.nio.DoubleBuffer,java.nio.DoubleBuffer,java.nio.DoubleBuffer,int,java.nio.IntBuffer,int) in org.jscience.natural.physics.classical.mechanics.CollisionProvider
[ERROR] /C:/Silvere/Encours/Developpement/JScience/jscience-native/src/main/java/org/jscience/nativ/physics/classical/mechanics/backends/NativeODEBackend.java:[81,5] method does not override or implement a method from a supertype
[ERROR] /C:/Silvere/Encours/Developpement/JScience/jscience-native/src/main/java/org/jscience/nativ/physics/classical/mechanics/backends/NativeODEBackend.java:[86,5] method does not override or implement a method from a supertype
[ERROR] /C:/Silvere/Encours/Developpement/JScience/jscience-native/src/main/java/org/jscience/nativ/physics/classical/mechanics/backends/NativeGenesisBackend.java:[33,8] org.jscience.nativ.physics.classical.mechanics.backends.NativeGenesisBackend is not abstract and does not override abstract method resolveCollisions(java.nio.DoubleBuffer,java.nio.DoubleBuffer,java.nio.DoubleBuffer,int,java.nio.IntBuffer,int) in org.jscience.natural.physics.classical.mechanics.CollisionProvider
[ERROR] /C:/Silvere/Encours/Developpement/JScience/jscience-native/src/main/java/org/jscience/nativ/physics/classical/mechanics/backends/NativeGenesisBackend.java:[81,5] method does not override or implement a method from a supertype
[ERROR] /C:/Silvere/Encours/Developpement/JScience/jscience-native/src/main/java/org/jscience/nativ/physics/classical/mechanics/backends/NativeGenesisBackend.java:[86,5] method does not override or implement a method from a supertype
[ERROR] Failed to execute goal org.apache.maven.plugins:maven-compiler-plugin:3.11.0:compile (default-compile) on project jscience-native: Compilation failure: Compilation failure: 
[ERROR] /C:/Silvere/Encours/Developpement/JScience/jscience-native/src/main/java/org/jscience/nativ/physics/classical/mechanics/backends/NativeBulletBackend.java:[36,8] org.jscience.nativ.physics.classical.mechanics.backends.NativeBulletBackend is not abstract and does not override abstract method resolveCollisions(java.nio.DoubleBuffer,java.nio.DoubleBuffer,java.nio.DoubleBuffer,int,java.nio.IntBuffer,int) in org.jscience.natural.physics.classical.mechanics.CollisionProvider
[ERROR] /C:/Silvere/Encours/Developpement/JScience/jscience-native/src/main/java/org/jscience/nativ/physics/classical/mechanics/backends/NativeBulletBackend.java:[170,5] method does not override or implement a method from a supertype
[ERROR] /C:/Silvere/Encours/Developpement/JScience/jscience-native/src/main/java/org/jscience/nativ/physics/classical/mechanics/backends/NativeBulletBackend.java:[180,5] method does not override or implement a method from a supertype
[ERROR] /C:/Silvere/Encours/Developpement/JScience/jscience-native/src/main/java/org/jscience/nativ/physics/classical/mechanics/backends/NativeODEBackend.java:[33,8] org.jscience.nativ.physics.classical.mechanics.backends.NativeODEBackend is not abstract and does not override abstract method resolveCollisions(java.nio.DoubleBuffer,java.nio.DoubleBuffer,java.nio.DoubleBuffer,int,java.nio.IntBuffer,int) in org.jscience.natural.physics.classical.mechanics.CollisionProvider
[ERROR] /C:/Silvere/Encours/Developpement/JScience/jscience-native/src/main/java/org/jscience/nativ/physics/classical/mechanics/backends/NativeODEBackend.java:[81,5] method does not override or implement a method from a supertype
[ERROR] /C:/Silvere/Encours/Developpement/JScience/jscience-native/src/main/java/org/jscience/nativ/physics/classical/mechanics/backends/NativeODEBackend.java:[86,5] method does not override or implement a method from a supertype
[ERROR] /C:/Silvere/Encours/Developpement/JScience/jscience-native/src/main/java/org/jscience/nativ/physics/classical/mechanics/backends/NativeGenesisBackend.java:[33,8] org.jscience.nativ.physics.classical.mechanics.backends.NativeGenesisBackend is not abstract and does not override abstract method resolveCollisions(java.nio.DoubleBuffer,java.nio.DoubleBuffer,java.nio.DoubleBuffer,int,java.nio.IntBuffer,int) in org.jscience.natural.physics.classical.mechanics.CollisionProvider
[ERROR] /C:/Silvere/Encours/Developpement/JScience/jscience-native/src/main/java/org/jscience/nativ/physics/classical/mechanics/backends/NativeGenesisBackend.java:[81,5] method does not override or implement a method from a supertype
[ERROR] /C:/Silvere/Encours/Developpement/JScience/jscience-native/src/main/java/org/jscience/nativ/physics/classical/mechanics/backends/NativeGenesisBackend.java:[86,5] method does not override or implement a method from a supertype
[ERROR] -> [Help 1]
[ERROR] 
[ERROR] To see the full stack trace of the errors, re-run Maven with the -e switch.
[ERROR] Re-run Maven using the -X switch to enable full debug logging.
[ERROR] 
[ERROR] For more information about the errors and possible solutions, please read the following articles:
[ERROR] [Help 1] http://cwiki.apache.org/confluence/display/MAVEN/MojoFailureException
