mvn : WARNING: A restricted method in java.lang.System has been called
Au caractère Ligne:1 : 1
+ mvn test -pl jscience-featured-apps -Dtest=RunLoaderVerification 
-Dsu ...
+ ~~~~~~~~~~~~~~~~~~~~~~~~~~~~~~~~~~~~~~~~~~~~~~~~~~~~~~~~~~~~~~~~~~~~~
    + CategoryInfo          : NotSpecified: (WARNING: A rest...has bee 
   n called:String) [], RemoteException
    + FullyQualifiedErrorId : NativeCommandError
 
WARNING: java.lang.System::load has been called by 
org.fusesource.jansi.internal.JansiLoader in an unnamed module (file:/C
:/Program%20Files/Apache/Maven/apache-maven-3.9.5/lib/jansi-2.4.0.jar)
WARNING: Use --enable-native-access=ALL-UNNAMED to avoid a warning for 
callers in this module
WARNING: Restricted methods will be blocked in a future release unless 
native access is enabled

WARNING: A terminally deprecated method in sun.misc.Unsafe has been 
called
WARNING: sun.misc.Unsafe::objectFieldOffset has been called by 
com.google.common.util.concurrent.AbstractFuture$UnsafeAtomicHelper (fi
le:/C:/Program%20Files/Apache/Maven/apache-maven-3.9.5/lib/guava-32.0.1
-jre.jar)
WARNING: Please consider reporting this to the maintainers of class 
com.google.common.util.concurrent.AbstractFuture$UnsafeAtomicHelper
WARNING: sun.misc.Unsafe::objectFieldOffset will be removed in a 
future release
[INFO] Scanning for projects...
[WARNING] 
[WARNING] Some problems were encountered while building the effective model for org.jscience:jscience-core:jar:1.0.0-SNAPSHOT
[WARNING] 'dependencies.dependency.systemPath' for org.mpjexpress:mpj:jar should not point at files within the project directory, ${project.basedir}/../libs/MPJ/lib/mpj.jar will be unresolvable by dependent projects @ line 52, column 25
[WARNING] 'dependencies.dependency.(groupId:artifactId:type:classifier)' must be unique: org.mpjexpress:mpj:jar -> duplicate declaration of version 0.44 @ line 224, column 21
[WARNING] 'dependencies.dependency.(groupId:artifactId:type:classifier)' must be unique: uk.co.caprica:vlcj:jar -> duplicate declaration of version 4.8.2 @ line 249, column 21
[WARNING] 'dependencyManagement.dependencies.dependency.(groupId:artifactId:type:classifier)' must be unique: com.google.auto.service:auto-service-annotations:jar -> version ${auto-service.version} vs 1.1.1 @ org.jscience:jscience-parent:1.0.0-SNAPSHOT, C:\Silvere\Encours\Developpement\JScience\pom.xml, line 432, column 19
[WARNING] 'dependencyManagement.dependencies.dependency.(groupId:artifactId:type:classifier)' must be unique: com.google.auto.service:auto-service:jar -> version ${auto-service.version} vs 1.1.1 @ org.jscience:jscience-parent:1.0.0-SNAPSHOT, C:\Silvere\Encours\Developpement\JScience\pom.xml, line 437, column 19
[WARNING] 
[WARNING] Some problems were encountered while building the effective model for org.jscience:jscience-natural:jar:1.0.0-SNAPSHOT
[WARNING] 'dependencies.dependency.systemPath' for com.github.studygameengines:java-fbx-loader:jar should not point at files within the project directory, ${project.basedir}/lib/fbx_loader/java-fbx-loader-v1.0.jar will be unresolvable by dependent projects @ line 99, column 25
[WARNING] 'dependencies.dependency.(groupId:artifactId:type:classifier)' must be unique: org.ode4j:core:jar -> version 0.4.5 vs (?) @ line 113, column 21
[WARNING] 
[WARNING] Some problems were encountered while building the effective model for org.jscience:jscience-parent:pom:1.0.0-SNAPSHOT
[WARNING] 'dependencyManagement.dependencies.dependency.(groupId:artifactId:type:classifier)' must be unique: com.google.auto.service:auto-service-annotations:jar -> version ${auto-service.version} vs 1.1.1 @ line 432, column 19
[WARNING] 'dependencyManagement.dependencies.dependency.(groupId:artifactId:type:classifier)' must be unique: com.google.auto.service:auto-service:jar -> version ${auto-service.version} vs 1.1.1 @ line 437, column 19
[WARNING] 
[WARNING] It is highly recommended to fix these problems because they threaten the stability of your build.
[WARNING] 
[WARNING] For this reason, future Maven versions might no longer support building such malformed projects.
[WARNING] 
[INFO] 
[INFO] ----------------< org.jscience:jscience-featured-apps >-----------------
[INFO] Building JScience Featured Apps 1.0.0-SNAPSHOT
[INFO]   from pom.xml
[INFO] --------------------------------[ jar ]---------------------------------
[INFO] ------------------------------------------------------------------------
[INFO] BUILD FAILURE
[INFO] ------------------------------------------------------------------------
[INFO] Total time:  2.036 s
[INFO] Finished at: 2026-02-27T01:01:36+01:00
[INFO] ------------------------------------------------------------------------
[ERROR] Unknown lifecycle phase ".useFile=false". You must specify a valid lifecycle phase or a goal in the format <plugin-prefix>:<goal> or <plugin-group-id>:<plugin-artifact-id>[:<plugin-version>]:<goal>. Available lifecycle phases are: pre-clean, clean, post-clean, validate, initialize, generate-sources, process-sources, generate-resources, process-resources, compile, process-classes, generate-test-sources, process-test-sources, generate-test-resources, process-test-resources, test-compile, process-test-classes, test, prepare-package, package, pre-integration-test, integration-test, post-integration-test, verify, install, deploy, pre-site, site, post-site, site-deploy. -> [Help 1]
[ERROR] 
[ERROR] To see the full stack trace of the errors, re-run Maven with the -e switch.
[ERROR] Re-run Maven using the -X switch to enable full debug logging.
[ERROR] 
[ERROR] For more information about the errors and possible solutions, please read the following articles:
[ERROR] [Help 1] http://cwiki.apache.org/confluence/display/MAVEN/LifecyclePhaseNotFoundException
